[19:05:46] [ServerMain/INFO]: Environment: Environment[sessionHost=https://sessionserver.mojang.com, servicesHost=https://api.minecraftservices.com, name=PROD]
[19:05:48] [ServerMain/INFO]: Loaded 1290 recipes
[19:05:48] [ServerMain/INFO]: Loaded 1399 advancements
[19:05:49] [Server thread/INFO]: Starting minecraft server version 1.21.1
[19:05:49] [Server thread/INFO]: Loading properties
[19:05:49] [Server thread/INFO]: Default game type: SURVIVAL
[19:05:49] [Server thread/INFO]: Generating keypair
[19:05:49] [Server thread/INFO]: Starting Minecraft server on *:25565
[19:05:49] [Server thread/INFO]: Using epoll channel type
[19:05:49] [Server thread/WARN]: **** SERVER IS RUNNING IN OFFLINE/INSECURE MODE!
[19:05:49] [Server thread/WARN]: The server will make no attempt to authenticate usernames. Beware.
[19:05:49] [Server thread/WARN]: While this makes the game possible to play without internet access, it also opens up the ability for hackers to connect with any username they choose.
[19:05:49] [Server thread/WARN]: To change this, set "online-mode" to "true" in the server.properties file.
[19:05:49] [Server thread/INFO]: Preparing level "world"
[19:05:54] [Server thread/INFO]: Preparing start region for dimension minecraft:overworld
[19:05:55] [Worker-Main-1/INFO]: Preparing spawn area: 0%
[19:05:55] [Worker-Main-2/INFO]: Preparing spawn area: 0%
[19:05:55] [Server thread/INFO]: Time elapsed: 702 ms
[19:05:55] [Server thread/INFO]: Done (5.900s)! For help, type "help"
[19:07:58] [Server thread/INFO]: [Not Secure] [Server] helloworld
